// Jest Snapshot v1, https://goo.gl/fbAQLP

exports[`App renders properly 1`] = `
ShallowWrapper {
  "length": 1,
  Symbol(enzyme.__root__): [Circular],
  Symbol(enzyme.__unrendered__): <App />,
  Symbol(enzyme.__renderer__): Object {
    "batchedUpdates": [Function],
    "getNode": [Function],
    "render": [Function],
    "simulateEvent": [Function],
    "unmount": [Function],
  },
  Symbol(enzyme.__node__): Object {
    "instance": null,
    "key": undefined,
    "nodeType": "host",
    "props": Object {
      "children": Array [
        <h2>
          Knowledgizer
        </h2>,
        <ArticleContainer />,
        Array [
          <Article
            title="some title"
            url="https://en.wikipedia.org/wiki/some title"
          />,
          <Article
            title="another title"
            url="https://en.wikipedia.org/wiki/another title"
          />,
          <Article
            title="a third title"
            url="https://en.wikipedia.org/wiki/a third title"
          />,
        ],
      ],
    },
    "ref": null,
    "rendered": Array [
      Object {
        "instance": null,
        "key": undefined,
        "nodeType": "host",
        "props": Object {
          "children": "Knowledgizer",
        },
        "ref": null,
        "rendered": "Knowledgizer",
        "type": "h2",
      },
      Object {
        "instance": null,
        "key": undefined,
        "nodeType": "class",
        "props": Object {},
        "ref": null,
        "rendered": null,
        "type": [Function],
      },
      Object {
        "instance": null,
        "key": "1",
        "nodeType": "class",
        "props": Object {
          "title": "some title",
          "url": "https://en.wikipedia.org/wiki/some title",
        },
        "ref": null,
        "rendered": null,
        "type": [Function],
      },
      Object {
        "instance": null,
        "key": "2",
        "nodeType": "class",
        "props": Object {
          "title": "another title",
          "url": "https://en.wikipedia.org/wiki/another title",
        },
        "ref": null,
        "rendered": null,
        "type": [Function],
      },
      Object {
        "instance": null,
        "key": "3",
        "nodeType": "class",
        "props": Object {
          "title": "a third title",
          "url": "https://en.wikipedia.org/wiki/a third title",
        },
        "ref": null,
        "rendered": null,
        "type": [Function],
      },
    ],
    "type": "div",
  },
  Symbol(enzyme.__nodes__): Array [
    Object {
      "instance": null,
      "key": undefined,
      "nodeType": "host",
      "props": Object {
        "children": Array [
          <h2>
            Knowledgizer
          </h2>,
          <ArticleContainer />,
          Array [
            <Article
              title="some title"
              url="https://en.wikipedia.org/wiki/some title"
            />,
            <Article
              title="another title"
              url="https://en.wikipedia.org/wiki/another title"
            />,
            <Article
              title="a third title"
              url="https://en.wikipedia.org/wiki/a third title"
            />,
          ],
        ],
      },
      "ref": null,
      "rendered": Array [
        Object {
          "instance": null,
          "key": undefined,
          "nodeType": "host",
          "props": Object {
            "children": "Knowledgizer",
          },
          "ref": null,
          "rendered": "Knowledgizer",
          "type": "h2",
        },
        Object {
          "instance": null,
          "key": undefined,
          "nodeType": "class",
          "props": Object {},
          "ref": null,
          "rendered": null,
          "type": [Function],
        },
        Object {
          "instance": null,
          "key": "1",
          "nodeType": "class",
          "props": Object {
            "title": "some title",
            "url": "https://en.wikipedia.org/wiki/some title",
          },
          "ref": null,
          "rendered": null,
          "type": [Function],
        },
        Object {
          "instance": null,
          "key": "2",
          "nodeType": "class",
          "props": Object {
            "title": "another title",
            "url": "https://en.wikipedia.org/wiki/another title",
          },
          "ref": null,
          "rendered": null,
          "type": [Function],
        },
        Object {
          "instance": null,
          "key": "3",
          "nodeType": "class",
          "props": Object {
            "title": "a third title",
            "url": "https://en.wikipedia.org/wiki/a third title",
          },
          "ref": null,
          "rendered": null,
          "type": [Function],
        },
      ],
      "type": "div",
    },
  ],
  Symbol(enzyme.__options__): Object {
    "adapter": ReactSixteenAdapter {
      "options": Object {
        "enableComponentDidUpdateOnSetState": true,
      },
    },
    "disableLifecycleMethods": true,
  },
}
`;
